// Jest Snapshot v1, https://goo.gl/fbAQLP

exports[`commands supports building entries based on the fixtures 1`] = `
Array [
  Object {
    "base64": false,
    "key": "assets://foo/de-hostis-habetur.md",
    "value": "---
title: De hostis habetur
description: Lorem markdownum Laurentes tangor imagine, pallet lacertos ipsius cornua amantibus cum non taceam, post stagnata
---

# De hostis habetur

## Gladii et in celebrant

Lorem markdownum *Laurentes* tangor imagine, pallet lacertos ipsius cornua
amantibus cum non taceam, post stagnata! Sed et noluit. Domo nigris de pietas,
est bis pervenisse oris madebit aper. Recenti iurgia potes avem undis Exigit [an
Lycias](http://sumiuvenis.org/collacogit) anum subita moles tamen **ferrum**
diras.

Condiderant declivis [Byblida](http://tepatentibus.com/regis-est.php) videnda
confidit; cultum [aliqua](http://minervae.com/infirmos.html); mare magni; silvis
ferox haut destituit. In venenis istis infamis dilacerant ligatis Combe domique,
aliter tamen. Suis mihi quamvis suo, ego mox **turbaeque et** manet, sua quam.
Mensis nunc sit erat **Achilles ut** est venatibus animo in possederat nomen,
conceperat coloribus poenam venti *Phrygiis*, quoque.

- A turget hoc vibrata
- Nunc agitant
- Creatas trieterica vulnere Caeneus Sabinis morsu multis
- Minus et repellit
- Subdita transit
- Ego mihi Vulcanum premebat absumere ceditis conspecta

## Siccaeque patria refluitque solidis mediis

Veloxque et putant, Cipe super, spernimus meos urbes, sit sic ventos altera, cum
quati suo. Vixque medeare sic super: fortibus odiis ignota *Ioles*, tuorum
campis. Phrygiae liquido natum. Ubi belli; ripas et tanta latices currere
strinxit metus Agamemnonis dixit Cecropide atque recens sumit dicentem. Pendere
mota.

Hostem sed fonti et nunc **consurgit tempora**, ad [mandarat
calcavit](http://www.consumitis.io/parsquetantum) nivea. In viae arboris unda
**fortibus tempus** instructo, et et inposuit Aegeus. Cupidoque flores; sacri
digna fingam, flos taurum, ipse?

    serp = system_processor_inkjet(rfid + cycle_secondary_bus, defaultPop(data,
            key, 2));
    if (3 + forum_camelcase_traceroute(2, pppAssociationBoot,
            switchUdpStreaming) * toolbarThyristorCpl(uddi(search,
            cybersquatter_service_tunneling), node_facebook(
            undo_framework_start, -2))) {
        unicode = wrap - 73 + thick;
        bookmark_pmu_utility += 1;
        power.barcraft_lcd *= 50;
    }
    driverDevice = wiki_data_resolution(ole, kibibyte_memory, jspMotherboard) +
            dvd_row;
    if (copy(task_unit_multicasting, clock(2, non, mirrored))) {
        visualSpoolingAtm.php_offline_port = navigationPasteBlu;
    } else {
        batch_jpeg_log(up(extension_donationware_array), fios(edutainment,
                orientation_cifs_spooling, scroll_samba_northbridge), -2);
    }

Amatas senectus sollertia et alioque dea, iussos, petit Pelia, ornat. Opus
*Hecate* sive satis, siquis *membra vellem virginitas* omnia dantibus. Hunc
movente suo silentia!
",
  },
  Object {
    "base64": false,
    "key": "assets://foo/mulcet-vincere.md",
    "value": "---
title: Mulcet vincere
description: Lorem markdownum gentemque incerti, genibus? In Pelion est
---

# Mulcet vincere

## Vel longoque coniugialia erat

Lorem markdownum gentemque incerti, genibus? In Pelion est; seu et tota nomenque
corpora tangunt Haemoniae cupidine per, *et silvas* vidisse redibam, et. Femina
cornu, inmurmurat vetantis imagine dicit, ope superesse **consensu desertaque
parte** retemptat *inmitis*, omnia Polyxena.

1. Lacrimas in dicta saepius ista mutua nomen
2. Mors Romam reges revocamina decebat veluti
3. Mutavit iaculante portat posuit
4. Erat mei celebrabant densa mansit

## Quam mihi diversa

Dicenti lacrimis mea genero tamen divino mandatam rurigenae provida. Obruit
constitit et tenebrosa vestrae *comitum talia miserrima* generosos faciem nocti
annua. Erit modo, secura: sit undis aglauros ponit illa, Ichnobatesque tenuisse.
Interceperit silvas, sua nymphas solis ab **fiant**.

- Quo quibus
- Saevitiam utque procul huius
- Sua certe palla stipes cervo et incepto
- Undas barbam tu data cornu

Det arbiter in bracchia quae. Sed Iuppiter facta insignia, more vires celebres
difficilis, et velint **frustra**. Quinque relictum. Puto omnes; tamen Scyrum
debuerant nubila ture virtute lacrimis lustro, e ictibus illa pependit secundis
opem collumque videbatur.

## Tigres virga falleris iugulo fuissem at exitio

Ulixe micabant excussaque mittam! Ab liquit, reddit saepe quem domo ardor,
segetes nec hunc fixurus et tristis in praemia. Signum en pressant, sic vices
nec infamia morsus et iacentia.

Nares placere et suarum voluntas tremensque coniugialia fecit, fuit Iove quoniam
valido nec est quoque amari, abesse. Nec et tenui, fuerat tecto querellae sui.
Fugit monilia Caesaris sanguine: hic
[nec](http://ulteriusinflata.io/omnibus-cum) annos.

1. Illic pulchram novique fiducia lapsa
2. Tyrioque spina genitoris nebulasque vertice invictos sonat
3. Cytherea mentis incubuitque sola ingenti

Tria spectari terram et caeruleo erit Nebrophonosque natura quo medias. *Amens*
diu nisi, sepulcro et longius eminet annos absit formas.
",
  },
  Object {
    "base64": false,
    "key": "assets://sample-json.json",
    "value": "{
  \\"text\\": \\"Phasellus finibus nunc quis leo convallis, eu pulvinar augue egestas\\",
  \\"number\\": -2120385380.6364622,
  \\"boolean\\": true,
  \\"list\\": [
    61125266,
    0.0
  ],
  \\"metadata\\": {
    \\"title\\": \\"Lorem Ipsum\\",
    \\"description\\": \\"Lorem markdownum timidumque putat. Ipse **reddit aderat luctus** enim tutam semine Tiberinaque oppositas non adhuc metaque ferant\\"
  },
  \\"arrayOfObject\\": [
    { \\"foo\\": \\"bar\\" }
  ],
  \\"object\\": {
    \\"date\\": \\"1970-01-01T00:00:00.000Z\\",
    \\"list\\": [
      \\"Maecenas fringilla massa non venenatis porta\\"
    ]
  }
}
",
  },
  Object {
    "base64": false,
    "key": "assets://sample-markdown.md",
    "value": "---
title: Lorem Ipsum
description: >-
  Lorem markdownum timidumque putat. Ipse **reddit aderat luctus** enim
  tutam semine Tiberinaque oppositas non adhuc metaque ferant
---

# Mulcet vincere

## Vel longoque coniugialia erat

Lorem markdownum gentemque incerti, genibus? In Pelion est; seu et tota nomenque
corpora tangunt Haemoniae cupidine per, *et silvas* vidisse redibam, et. Femina
cornu, inmurmurat vetantis imagine dicit, ope superesse **consensu desertaque
parte** retemptat *inmitis*, omnia Polyxena.

1. Lacrimas in dicta saepius ista mutua nomen
2. Mors Romam reges revocamina decebat veluti
3. Mutavit iaculante portat posuit
4. Erat mei celebrabant densa mansit

## Quam mihi diversa

Dicenti lacrimis mea genero tamen divino mandatam rurigenae provida. Obruit
constitit et tenebrosa vestrae *comitum talia miserrima* generosos faciem nocti
annua. Erit modo, secura: sit undis aglauros ponit illa, Ichnobatesque tenuisse.
Interceperit silvas, sua nymphas solis ab **fiant**.

- Quo quibus
- Saevitiam utque procul huius
- Sua certe palla stipes cervo et incepto
- Undas barbam tu data cornu

Det arbiter in bracchia quae. Sed Iuppiter facta insignia, more vires celebres
difficilis, et velint **frustra**. Quinque relictum. Puto omnes; tamen Scyrum
debuerant nubila ture virtute lacrimis lustro, e ictibus illa pependit secundis
opem collumque videbatur.

## Tigres virga falleris iugulo fuissem at exitio

Ulixe micabant excussaque mittam! Ab liquit, reddit saepe quem domo ardor,
segetes nec hunc fixurus et tristis in praemia. Signum en pressant, sic vices
nec infamia morsus et iacentia.

Nares placere et suarum voluntas tremensque coniugialia fecit, fuit Iove quoniam
valido nec est quoque amari, abesse. Nec et tenui, fuerat tecto querellae sui.
Fugit monilia Caesaris sanguine: hic
[nec](http://ulteriusinflata.io/omnibus-cum) annos.

1. Illic pulchram novique fiducia lapsa
2. Tyrioque spina genitoris nebulasque vertice invictos sonat
3. Cytherea mentis incubuitque sola ingenti

Tria spectari terram et caeruleo erit Nebrophonosque natura quo medias. *Amens*
diu nisi, sepulcro et longius eminet annos absit formas.
",
  },
  Object {
    "base64": false,
    "key": "assets://sample-toml.toml",
    "value": "text = \\"Phasellus finibus nunc quis leo convallis, eu pulvinar augue egestas\\"
number = -2_120_385_380.6364622
boolean = true
list = [ 61_125_266, 0 ]

[metadata]
title = \\"Lorem Ipsum\\"
description = \\"Lorem markdownum timidumque putat. Ipse **reddit aderat luctus** enim tutam semine Tiberinaque oppositas non adhuc metaque ferant\\"

[[arrayOfObject]]
foo = \\"bar\\"

[object]
date = \\"1970-01-01T00:00:00.000Z\\"
list = [ \\"Maecenas fringilla massa non venenatis porta\\" ]
",
  },
  Object {
    "base64": false,
    "key": "assets://sample-yaml.yaml",
    "value": "text: Phasellus finibus nunc quis leo convallis, eu pulvinar augue egestas
number: -2120385380.6364622
boolean: true
list:
- 61125266
- 0
metadata:
  title: Lorem Ipsum
  description: >-
    Lorem markdownum timidumque putat. Ipse **reddit aderat luctus** enim
    tutam semine Tiberinaque oppositas non adhuc metaque ferant
arrayOfObject:
- foo: bar
object:
  date: '1970-01-01T00:00:00.000Z'
  list:
  - Maecenas fringilla massa non venenatis porta
",
  },
  Object {
    "base64": false,
    "key": "assets://test-config.js",
    "value": "
export let setupBuild = () => {
  return entries => ({
    test: entries,
  });
};

export let setupQuery = () => {
  return query => (namespace, slug) => {
    switch (namespace) {
      case 'foo':
        return query('test', \`foo/\${slug}\`);
      default:
        return query(namespace, slug);
    }
  };
};
",
  },
]
`;
